testuser	Project1			
testuser	ProjectY			
testuser	ProjectX			
