aguatest	testuser	Project1	downloadFiles	0	FTP	1	type	0	0	input	type	string	--type	html	essential		Type of page: html or text				0
aguatest	testuser	Project1	downloadFiles	0	FTP	1	url	0	0	input	url	string	--url	http://hgdownload.cse.ucsc.edu/goldenPath/hg19/chromosomes	required		Download files linked on this page				0
aguatest	testuser	Project1	downloadFiles	0	FTP	1	regex	0	0	input	regex	string	--regex	chr[XYM0-9]+.fa.gz	optional		Download files matching this regular expression				0
aguatest	testuser	Project1	downloadFiles	0	FTP	1	filter	0	0	input	filter	string	--filter		optional		Download only files containing this text fragment				0
aguatest	testuser	Project1	downloadFiles	0	unzipFiles	2	delete	1	0	input	delete	flag	--delete	1	optional		Remove zipped files after unzipping				0
aguatest	testuser	Project1	downloadFiles	0	unzipFiles	2	filter	0	0	input	filter	string	--filter		optional		Unzip only files containing this text fragment				0
aguatest	testuser	Project1	downloadFiles	0	unzipFiles	2	inputdir	0	0	input	inputdir	directory	--inputdir	Project1/downloadFiles/downloads	essential		Name of unzip application (unzip|gunzip) (DEFAULT: gunzip)	input.outputdir.value	InputParams		1
aguatest	testuser	Project1	downloadFiles	0	unzipFiles	2	outputdir	0	0	input	outputdir	directory	--outputdir	Project1/downloadFiles/downloads	required		Unzip files to this directory	input.outputdir.value	InputParams		1
