testuser	Project1	downloadFiles	1				[{"original":{"number":"1","status":"","project":"Project1","name":"Workflow1","description":"","username":"testuser","notes":""},"copiedby":"","date":null}]
testuser	Project1	elandRef	2				
testuser	Project1	novoRef	3				[{"copiedby":"testuser","original":{"number":"3","project":"Project1","notes":"","name":"WorkflowA","description":"","username":"testuser"},"date":"2012-03-18 21:40:36"},{"original":{"number":"5","notes":"","project":"Project1","name":"WorkflowA","description":"","username":"testuser"},"copiedby":"testuser","date":"2012-03-18 21:40:36"}]
