{
    "name":"two",
    "argument":"-two",
    "paramtype":"typetwo",
    "value":"default cde",
    "description":"Description of cde and rest of CDE description"
}